
  × This is an Error Message
   ╭─[example.ml:1:1]
 1 │ Hello World
   · ──┬──
   ·   ╰── This is a Hint
   ╰────
